
> my-saas-app@0.1.0 vercel-build
> node ./node_modules/next/dist/bin/next build

  Γû▓ Next.js 14.2.5
  - Environments: .env.local

   Creating an optimized production build ...
